// Jest Snapshot v1, https://goo.gl/fbAQLP

exports[`App Component should render correctly 1`] = `
<BrowserRouter>
  <Switch>
    <Route
      component={[Function]}
      exact={true}
      path="/"
    />
    <Route
      component={[Function]}
      path="/login"
    />
    <Route
      component={[Function]}
      path="/lobby"
    />
    <Route
      component={[Function]}
      path="/register"
    />
    <Route
      component={[Function]}
      path="/room/:id?"
    />
  </Switch>
</BrowserRouter>
`;
