// Jest Snapshot v1, https://goo.gl/fbAQLP

exports[`Lobby Component should render correctly 1`] = `<section />`;
