// Jest Snapshot v1, https://goo.gl/fbAQLP

exports[`Login Component should render correctly 1`] = `<section />`;
