// Jest Snapshot v1, https://goo.gl/fbAQLP

exports[`Register Component should render correctly 1`] = `<section />`;
