// Jest Snapshot v1, https://goo.gl/fbAQLP

exports[`Room Component should render correctly 1`] = `""`;
